2026-04-06 17:39:02,063 INFO o.a.j.u.JMeterUtils: Setting Locale to en_EN
2026-04-06 17:39:02,073 INFO o.a.j.JMeter: Loading user properties from: /private/tmp/apache-jmeter-5.6.3/bin/user.properties
2026-04-06 17:39:02,074 INFO o.a.j.JMeter: Loading system properties from: /private/tmp/apache-jmeter-5.6.3/bin/system.properties
2026-04-06 17:39:02,077 INFO o.a.j.JMeter: Copyright (c) 1998-2024 The Apache Software Foundation
2026-04-06 17:39:02,077 INFO o.a.j.JMeter: Version 5.6.3
2026-04-06 17:39:02,077 INFO o.a.j.JMeter: java.version=25.0.2
2026-04-06 17:39:02,078 INFO o.a.j.JMeter: java.vm.name=Java HotSpot(TM) 64-Bit Server VM
2026-04-06 17:39:02,078 INFO o.a.j.JMeter: os.name=Mac OS X
2026-04-06 17:39:02,078 INFO o.a.j.JMeter: os.arch=aarch64
2026-04-06 17:39:02,078 INFO o.a.j.JMeter: os.version=26.3.1
2026-04-06 17:39:02,078 INFO o.a.j.JMeter: file.encoding=UTF-8
2026-04-06 17:39:02,078 INFO o.a.j.JMeter: java.awt.headless=true
2026-04-06 17:39:02,078 INFO o.a.j.JMeter: Max memory     =1073741824
2026-04-06 17:39:02,078 INFO o.a.j.JMeter: Available Processors =10
2026-04-06 17:39:02,085 INFO o.a.j.JMeter: Default Locale=English (EN)
2026-04-06 17:39:02,085 INFO o.a.j.JMeter: JMeter  Locale=English (EN)
2026-04-06 17:39:02,085 INFO o.a.j.JMeter: JMeterHome=/private/tmp/apache-jmeter-5.6.3
2026-04-06 17:39:02,085 INFO o.a.j.JMeter: user.dir  =/Users/shika/Documents/Uni/cs4218-2520-ecom-project-cs4218-2520-team08
2026-04-06 17:39:02,085 INFO o.a.j.JMeter: PWD       =/Users/shika/Documents/Uni/cs4218-2520-ecom-project-cs4218-2520-team08
2026-04-06 17:39:02,087 INFO o.a.j.JMeter: IP: 127.0.0.1 Name: MacBook-Air-205.local FullName: localhost
2026-04-06 17:39:02,093 INFO o.a.j.JMeter: Setting property 'jmeter.reportgenerator.outputdir' to:'/Users/shika/Documents/Uni/cs4218-2520-ecom-project-cs4218-2520-team08/recovery-tests/results/recovery-report'
2026-04-06 17:39:02,095 INFO o.a.j.s.FileServer: Default base='/Users/shika/Documents/Uni/cs4218-2520-ecom-project-cs4218-2520-team08'
2026-04-06 17:39:02,095 INFO o.a.j.s.FileServer: Set new base='/Users/shika/Documents/Uni/cs4218-2520-ecom-project-cs4218-2520-team08/recovery-tests'
2026-04-06 17:39:02,197 INFO o.a.j.s.SaveService: Testplan (JMX) version: 2.2. Testlog (JTL) version: 2.2
2026-04-06 17:39:02,207 INFO o.a.j.s.SaveService: Using SaveService properties version 5.0
2026-04-06 17:39:02,208 INFO o.a.j.s.SaveService: Using SaveService properties file encoding UTF-8
2026-04-06 17:39:02,209 INFO o.a.j.s.SaveService: Loading file: recovery-tests/recovery-test.jmx
2026-04-06 17:39:02,229 INFO o.a.j.p.h.s.HTTPSamplerBase: Parser for text/html is org.apache.jmeter.protocol.http.parser.LagartoBasedHtmlParser
2026-04-06 17:39:02,229 INFO o.a.j.p.h.s.HTTPSamplerBase: Parser for application/xhtml+xml is org.apache.jmeter.protocol.http.parser.LagartoBasedHtmlParser
2026-04-06 17:39:02,229 INFO o.a.j.p.h.s.HTTPSamplerBase: Parser for application/xml is org.apache.jmeter.protocol.http.parser.LagartoBasedHtmlParser
2026-04-06 17:39:02,229 INFO o.a.j.p.h.s.HTTPSamplerBase: Parser for text/xml is org.apache.jmeter.protocol.http.parser.LagartoBasedHtmlParser
2026-04-06 17:39:02,229 INFO o.a.j.p.h.s.HTTPSamplerBase: Parser for text/vnd.wap.wml is org.apache.jmeter.protocol.http.parser.RegexpHTMLParser
2026-04-06 17:39:02,229 INFO o.a.j.p.h.s.HTTPSamplerBase: Parser for text/css is org.apache.jmeter.protocol.http.parser.CssParser
2026-04-06 17:39:02,239 INFO o.a.j.JMeter: Creating summariser <summary>
2026-04-06 17:39:02,241 INFO o.a.j.r.d.ReportGenerator: ReportGenerator will use for Parsing the separator: ','
2026-04-06 17:39:02,241 INFO o.a.j.r.d.ReportGenerator: Will generate report at end of test from  results file: recovery-tests/results/recovery-results.csv
2026-04-06 17:39:02,241 INFO o.a.j.r.d.ReportGenerator: Reading report generator properties from: /private/tmp/apache-jmeter-5.6.3/bin/reportgenerator.properties
2026-04-06 17:39:02,241 INFO o.a.j.r.d.ReportGenerator: Merging with JMeter properties
2026-04-06 17:39:02,243 INFO o.a.j.r.c.ReportGeneratorConfiguration: Property 'jmeter.reportgenerator.temp_dir' not found, using default value 'temp' instead.
2026-04-06 17:39:02,243 INFO o.a.j.r.c.ReportGeneratorConfiguration: Property 'jmeter.reportgenerator.apdex_per_transaction' not found, using default value 'null' instead.
2026-04-06 17:39:02,243 INFO o.a.j.r.c.ReportGeneratorConfiguration: apdex_per_transaction is empty, not APDEX per transaction customization
2026-04-06 17:39:02,243 INFO o.a.j.r.c.ReportGeneratorConfiguration: Property 'jmeter.reportgenerator.sample_filter' not found, using default value 'null' instead.
2026-04-06 17:39:02,243 INFO o.a.j.r.c.ReportGeneratorConfiguration: Property 'jmeter.reportgenerator.report_title' not found, using default value 'null' instead.
2026-04-06 17:39:02,243 INFO o.a.j.r.c.ReportGeneratorConfiguration: Property 'jmeter.reportgenerator.start_date' not found, using default value 'null' instead.
2026-04-06 17:39:02,243 INFO o.a.j.r.c.ReportGeneratorConfiguration: Property 'jmeter.reportgenerator.end_date' not found, using default value 'null' instead.
2026-04-06 17:39:02,243 INFO o.a.j.r.c.ReportGeneratorConfiguration: Property 'jmeter.reportgenerator.date_format' not found, using default value 'null' instead.
2026-04-06 17:39:02,244 INFO o.a.j.r.c.ReportGeneratorConfiguration: Will use date range start date: null, end date: null
2026-04-06 17:39:02,245 INFO o.a.j.r.c.ReportGeneratorConfiguration: Property 'jmeter.reportgenerator.graph.totalTPS.exclude_controllers' not found, using default value 'false' instead.
2026-04-06 17:39:02,245 INFO o.a.j.r.c.ReportGeneratorConfiguration: Property 'jmeter.reportgenerator.graph.activeThreadsOverTime.exclude_controllers' not found, using default value 'false' instead.
2026-04-06 17:39:02,245 INFO o.a.j.r.c.ReportGeneratorConfiguration: Property 'jmeter.reportgenerator.graph.timeVsThreads.exclude_controllers' not found, using default value 'false' instead.
2026-04-06 17:39:02,245 INFO o.a.j.r.c.ReportGeneratorConfiguration: Property 'jmeter.reportgenerator.graph.responseTimeDistribution.exclude_controllers' not found, using default value 'false' instead.
2026-04-06 17:39:02,245 INFO o.a.j.r.c.ReportGeneratorConfiguration: Property 'jmeter.reportgenerator.graph.transactionsPerSecond.exclude_controllers' not found, using default value 'false' instead.
2026-04-06 17:39:02,245 INFO o.a.j.r.c.ReportGeneratorConfiguration: Property 'jmeter.reportgenerator.graph.responseTimePercentiles.exclude_controllers' not found, using default value 'false' instead.
2026-04-06 17:39:02,245 INFO o.a.j.r.c.ReportGeneratorConfiguration: Property 'jmeter.reportgenerator.graph.responseTimePercentilesOverTime.exclude_controllers' not found, using default value 'false' instead.
2026-04-06 17:39:02,245 INFO o.a.j.r.c.ReportGeneratorConfiguration: Property 'jmeter.reportgenerator.graph.responseTimesOverTime.exclude_controllers' not found, using default value 'false' instead.
2026-04-06 17:39:02,245 INFO o.a.j.r.c.ReportGeneratorConfiguration: Property 'jmeter.reportgenerator.graph.connectTimeOverTime.exclude_controllers' not found, using default value 'false' instead.
2026-04-06 17:39:02,245 INFO o.a.j.r.c.ReportGeneratorConfiguration: Property 'jmeter.reportgenerator.graph.latenciesOverTime.exclude_controllers' not found, using default value 'false' instead.
2026-04-06 17:39:02,246 INFO o.a.j.r.c.ReportGeneratorConfiguration: Property 'jmeter.reportgenerator.exporter.json.filters_only_sample_series' not found, using default value 'true' instead.
2026-04-06 17:39:02,246 INFO o.a.j.r.c.ReportGeneratorConfiguration: Property 'jmeter.reportgenerator.exporter.json.series_filter' not found, using default value '' instead.
2026-04-06 17:39:02,246 INFO o.a.j.r.c.ReportGeneratorConfiguration: Property 'jmeter.reportgenerator.exporter.json.show_controllers_only' not found, using default value 'false' instead.
2026-04-06 17:39:02,246 INFO o.a.j.r.c.ReportGeneratorConfiguration: Property 'jmeter.reportgenerator.exporter.html.filters_only_sample_series' not found, using default value 'true' instead.
2026-04-06 17:39:02,246 INFO o.a.j.r.c.ReportGeneratorConfiguration: Property 'jmeter.reportgenerator.exporter.html.series_filter' not found, using default value '' instead.
2026-04-06 17:39:02,246 INFO o.a.j.r.c.ReportGeneratorConfiguration: Property 'jmeter.reportgenerator.exporter.html.show_controllers_only' not found, using default value 'false' instead.
2026-04-06 17:39:02,251 INFO o.a.j.e.StandardJMeterEngine: Running the test!
2026-04-06 17:39:02,251 INFO o.a.j.s.SampleEvent: List of sample_variables: []
2026-04-06 17:39:02,251 INFO o.a.j.s.SampleEvent: List of sample_variables: []
2026-04-06 17:39:02,253 INFO o.a.j.e.u.CompoundVariable: Note: Function class names must contain the string: '.functions.'
2026-04-06 17:39:02,253 INFO o.a.j.e.u.CompoundVariable: Note: Function class names must not contain the string: '.gui.'
2026-04-06 17:39:02,282 INFO o.a.j.JMeter: Running test (1775468342282)
2026-04-06 17:39:02,292 INFO o.a.j.e.StandardJMeterEngine: Starting ThreadGroup: 1 : Load Generator
2026-04-06 17:39:02,292 INFO o.a.j.e.StandardJMeterEngine: Starting 10 threads for group Load Generator.
2026-04-06 17:39:02,292 INFO o.a.j.e.StandardJMeterEngine: Thread will continue on error
2026-04-06 17:39:02,292 INFO o.a.j.t.ThreadGroup: Starting thread group... number=1 threads=10 ramp-up=5 delayedStart=false
2026-04-06 17:39:02,295 INFO o.a.j.t.JMeterThread: Thread started: Load Generator 1-1
2026-04-06 17:39:02,295 INFO o.a.j.t.ThreadGroup: Started thread group number 1
2026-04-06 17:39:02,295 INFO o.a.j.e.StandardJMeterEngine: Starting ThreadGroup: 2 : Fault Injector
2026-04-06 17:39:02,295 INFO o.a.j.e.StandardJMeterEngine: Starting 1 threads for group Fault Injector.
2026-04-06 17:39:02,295 INFO o.a.j.e.StandardJMeterEngine: Thread will continue on error
2026-04-06 17:39:02,295 INFO o.a.j.t.ThreadGroup: Starting thread group... number=2 threads=1 ramp-up=1 delayedStart=false
2026-04-06 17:39:02,295 INFO o.a.j.t.ThreadGroup: Started thread group number 2
2026-04-06 17:39:02,295 INFO o.a.j.e.StandardJMeterEngine: All thread groups have been started
2026-04-06 17:39:02,295 INFO o.a.j.t.JMeterThread: Thread started: Fault Injector 2-1
2026-04-06 17:39:02,798 INFO o.a.j.t.JMeterThread: Thread started: Load Generator 1-2
2026-04-06 17:39:02,820 INFO o.a.j.p.h.s.HTTPHCAbstractImpl: Local host = MacBook-Air-205.local
2026-04-06 17:39:02,825 INFO o.a.j.p.h.s.HTTPHC4Impl: HTTP request retry count = 0
2026-04-06 17:39:02,826 INFO o.a.j.s.SampleResult: Note: Sample TimeStamps are START times
2026-04-06 17:39:02,826 INFO o.a.j.s.SampleResult: sampleresult.default.encoding is set to UTF-8
2026-04-06 17:39:02,826 INFO o.a.j.s.SampleResult: sampleresult.useNanoTime=true
2026-04-06 17:39:02,826 INFO o.a.j.s.SampleResult: sampleresult.nanoThreadSleep=5000
2026-04-06 17:39:03,298 INFO o.a.j.t.JMeterThread: Thread started: Load Generator 1-3
2026-04-06 17:39:03,794 INFO o.a.j.t.JMeterThread: Thread started: Load Generator 1-4
2026-04-06 17:39:04,298 INFO o.a.j.t.JMeterThread: Thread started: Load Generator 1-5
2026-04-06 17:39:04,438 INFO o.a.j.r.Summariser: summary +      1 in 00:00:02 =    0.5/s Avg:  1576 Min:  1576 Max:  1576 Err:     0 (0.00%) Active: 6 Started: 6 Finished: 0
2026-04-06 17:39:04,798 INFO o.a.j.t.JMeterThread: Thread started: Load Generator 1-6
2026-04-06 17:39:05,299 INFO o.a.j.t.JMeterThread: Thread started: Load Generator 1-7
2026-04-06 17:39:05,798 INFO o.a.j.t.JMeterThread: Thread started: Load Generator 1-8
2026-04-06 17:39:06,295 INFO o.a.j.t.JMeterThread: Thread started: Load Generator 1-9
2026-04-06 17:39:06,797 INFO o.a.j.t.JMeterThread: Thread started: Load Generator 1-10
2026-04-06 17:39:27,402 INFO o.a.j.t.JMeterThread: Thread is done: Fault Injector 2-1
2026-04-06 17:39:27,403 INFO o.a.j.t.JMeterThread: Thread finished: Fault Injector 2-1
2026-04-06 17:39:31,083 INFO o.a.j.r.Summariser: summary +    360 in 00:00:27 =   13.5/s Avg:   180 Min:     0 Max:  5100 Err:   130 (36.11%) Active: 10 Started: 11 Finished: 1
2026-04-06 17:39:31,083 INFO o.a.j.r.Summariser: summary =    361 in 00:00:29 =   12.5/s Avg:   184 Min:     0 Max:  5100 Err:   130 (36.01%)
2026-04-06 17:40:00,083 INFO o.a.j.r.Summariser: summary +    384 in 00:00:29 =   13.2/s Avg:   295 Min:   185 Max:  4012 Err:     0 (0.00%) Active: 10 Started: 11 Finished: 1
2026-04-06 17:40:00,084 INFO o.a.j.r.Summariser: summary =    745 in 00:00:58 =   12.9/s Avg:   241 Min:     0 Max:  5100 Err:   130 (17.45%)
2026-04-06 17:40:02,030 INFO o.a.j.t.JMeterThread: Thread finished: Load Generator 1-8
2026-04-06 17:40:02,030 INFO o.a.j.t.JMeterThread: Thread finished: Load Generator 1-4
2026-04-06 17:40:02,030 INFO o.a.j.t.JMeterThread: Thread finished: Load Generator 1-3
2026-04-06 17:40:02,031 INFO o.a.j.t.JMeterThread: Thread finished: Load Generator 1-5
2026-04-06 17:40:02,230 INFO o.a.j.t.JMeterThread: Thread finished: Load Generator 1-9
2026-04-06 17:40:02,231 INFO o.a.j.t.JMeterThread: Thread finished: Load Generator 1-7
2026-04-06 17:40:02,299 INFO o.a.j.t.JMeterThread: Stopping because end time detected by thread: Load Generator 1-2
2026-04-06 17:40:02,299 INFO o.a.j.t.JMeterThread: Stopping because end time detected by thread: Load Generator 1-1
2026-04-06 17:40:02,299 INFO o.a.j.t.JMeterThread: Thread finished: Load Generator 1-2
2026-04-06 17:40:02,299 INFO o.a.j.t.JMeterThread: Thread finished: Load Generator 1-1
2026-04-06 17:40:02,300 INFO o.a.j.t.JMeterThread: Stopping because end time detected by thread: Load Generator 1-6
2026-04-06 17:40:02,300 INFO o.a.j.t.JMeterThread: Thread finished: Load Generator 1-6
2026-04-06 17:40:02,415 INFO o.a.j.t.JMeterThread: Stopping because end time detected by thread: Load Generator 1-10
2026-04-06 17:40:02,416 INFO o.a.j.t.JMeterThread: Thread finished: Load Generator 1-10
2026-04-06 17:40:02,416 INFO o.a.j.e.StandardJMeterEngine: Notifying test listeners of end of test
2026-04-06 17:40:02,418 INFO o.a.j.r.Summariser: summary +     35 in 00:00:02 =   15.0/s Avg:   234 Min:   193 Max:   364 Err:     0 (0.00%) Active: 0 Started: 11 Finished: 11
2026-04-06 17:40:02,418 INFO o.a.j.r.Summariser: summary =    780 in 00:01:00 =   13.0/s Avg:   241 Min:     0 Max:  5100 Err:   130 (16.67%)
2026-04-06 17:40:02,419 INFO o.a.j.JMeter: Generating Dashboard
2026-04-06 17:40:02,419 INFO o.a.j.r.d.ReportGenerator: Flushing result collector before report Generation
2026-04-06 17:40:02,436 INFO o.a.j.r.p.NormalizerSampleConsumer: Using format, 'ms', to parse timeStamp field
2026-04-06 17:40:02,497 INFO o.a.j.r.p.AbstractSampleConsumer: class org.apache.jmeter.report.processor.AggregateConsumer#stopProducing(): beginDate produced 0 samples
2026-04-06 17:40:02,497 INFO o.a.j.r.p.AbstractSampleConsumer: class org.apache.jmeter.report.processor.AggregateConsumer#stopProducing(): endDate produced 0 samples
2026-04-06 17:40:02,498 INFO o.a.j.r.p.AbstractSampleConsumer: class org.apache.jmeter.report.processor.ApdexSummaryConsumer#stopProducing(): apdexSummary produced 0 samples
2026-04-06 17:40:02,498 INFO o.a.j.r.p.AbstractSampleConsumer: class org.apache.jmeter.report.processor.RequestsSummaryConsumer#stopProducing(): requestsSummary produced 0 samples
2026-04-06 17:40:02,500 INFO o.a.j.r.p.AbstractSampleConsumer: class org.apache.jmeter.report.processor.StatisticsSummaryConsumer#stopProducing(): statisticsSummary produced 0 samples
2026-04-06 17:40:02,500 INFO o.a.j.r.p.AbstractSampleConsumer: class org.apache.jmeter.report.processor.Top5ErrorsBySamplerConsumer#stopProducing(): top5ErrorsBySampler produced 0 samples
2026-04-06 17:40:02,500 INFO o.a.j.r.p.AbstractSampleConsumer: class org.apache.jmeter.report.processor.ErrorsSummaryConsumer#stopProducing(): errorsSummary produced 0 samples
2026-04-06 17:40:02,500 INFO o.a.j.r.p.AbstractSampleConsumer: class org.apache.jmeter.report.processor.graph.impl.HitsPerSecondGraphConsumer#stopProducing(): hitsPerSecond produced 0 samples
2026-04-06 17:40:02,509 INFO o.a.j.r.p.AbstractSampleConsumer: class org.apache.jmeter.report.processor.graph.impl.LatencyVSRequestGraphConsumer#stopProducing(): latencyVsRequest produced 0 samples
2026-04-06 17:40:02,509 INFO o.a.j.r.p.AbstractSampleConsumer: class org.apache.jmeter.report.processor.graph.impl.SyntheticResponseTimeDistributionGraphConsumer#stopProducing(): syntheticResponseTimeDistribution produced 0 samples
2026-04-06 17:40:02,509 INFO o.a.j.r.p.AbstractSampleConsumer: class org.apache.jmeter.report.processor.graph.impl.BytesThroughputGraphConsumer#stopProducing(): bytesThroughputOverTime produced 0 samples
2026-04-06 17:40:02,509 INFO o.a.j.r.p.AbstractSampleConsumer: class org.apache.jmeter.report.processor.graph.impl.CodesPerSecondGraphConsumer#stopProducing(): codesPerSecond produced 0 samples
2026-04-06 17:40:02,512 INFO o.a.j.r.p.AbstractSampleConsumer: class org.apache.jmeter.report.processor.graph.impl.ResponseTimeVSRequestGraphConsumer#stopProducing(): responseTimeVsRequest produced 0 samples
2026-04-06 17:40:02,512 INFO o.a.j.r.p.AbstractSampleConsumer: class org.apache.jmeter.report.processor.FilterConsumer#stopProducing(): startIntervalControlerFilter produced 5460 samples
2026-04-06 17:40:02,512 INFO o.a.j.r.p.AbstractSampleConsumer: class org.apache.jmeter.report.processor.graph.impl.TotalTPSGraphConsumer#stopProducing(): totalTPS produced 0 samples
2026-04-06 17:40:02,512 INFO o.a.j.r.p.AbstractSampleConsumer: class org.apache.jmeter.report.processor.graph.impl.ActiveThreadsGraphConsumer#stopProducing(): activeThreadsOverTime produced 0 samples
2026-04-06 17:40:02,513 INFO o.a.j.r.p.AbstractSampleConsumer: class org.apache.jmeter.report.processor.graph.impl.TimeVSThreadGraphConsumer#stopProducing(): timeVsThreads produced 0 samples
2026-04-06 17:40:02,513 INFO o.a.j.r.p.AbstractSampleConsumer: class org.apache.jmeter.report.processor.graph.impl.ResponseTimeDistributionGraphConsumer#stopProducing(): responseTimeDistribution produced 0 samples
2026-04-06 17:40:02,513 INFO o.a.j.r.p.AbstractSampleConsumer: class org.apache.jmeter.report.processor.graph.impl.TransactionsPerSecondGraphConsumer#stopProducing(): transactionsPerSecond produced 0 samples
2026-04-06 17:40:02,513 INFO o.a.j.r.p.AbstractSampleConsumer: class org.apache.jmeter.report.processor.graph.impl.ResponseTimePercentilesGraphConsumer#stopProducing(): responseTimePercentiles produced 0 samples
2026-04-06 17:40:02,513 INFO o.a.j.r.p.AbstractSampleConsumer: class org.apache.jmeter.report.processor.graph.impl.ResponseTimePercentilesOverTimeGraphConsumer#stopProducing(): responseTimePercentilesOverTime produced 0 samples
2026-04-06 17:40:02,513 INFO o.a.j.r.p.AbstractSampleConsumer: class org.apache.jmeter.report.processor.graph.impl.ResponseTimeOverTimeGraphConsumer#stopProducing(): responseTimesOverTime produced 0 samples
2026-04-06 17:40:02,513 INFO o.a.j.r.p.AbstractSampleConsumer: class org.apache.jmeter.report.processor.graph.impl.ConnectTimeOverTimeGraphConsumer#stopProducing(): connectTimeOverTime produced 0 samples
2026-04-06 17:40:02,513 INFO o.a.j.r.p.AbstractSampleConsumer: class org.apache.jmeter.report.processor.graph.impl.LatencyOverTimeGraphConsumer#stopProducing(): latenciesOverTime produced 0 samples
2026-04-06 17:40:02,513 INFO o.a.j.r.p.AbstractSampleConsumer: class org.apache.jmeter.report.processor.FilterConsumer#stopProducing(): nameFilter produced 11700 samples
2026-04-06 17:40:02,513 INFO o.a.j.r.p.AbstractSampleConsumer: class org.apache.jmeter.report.processor.FilterConsumer#stopProducing(): dateRangeFilter produced 2340 samples
2026-04-06 17:40:02,513 INFO o.a.j.r.p.AbstractSampleConsumer: class org.apache.jmeter.report.processor.NormalizerSampleConsumer#stopProducing(): normalizer produced 780 samples
2026-04-06 17:40:02,513 INFO o.a.j.r.p.CsvFileSampleSource: produce(): 780 samples produced in 60ms on channel 0
2026-04-06 17:40:02,514 INFO o.a.j.r.d.ReportGenerator: Exporting data using exporter:'json' of className:'org.apache.jmeter.report.dashboard.JsonExporter'
2026-04-06 17:40:02,542 INFO o.a.j.r.d.JsonExporter: Found data for consumer statisticsSummary in context
2026-04-06 17:40:02,542 INFO o.a.j.r.d.JsonExporter: Creating statistics for overall
2026-04-06 17:40:02,542 INFO o.a.j.r.d.JsonExporter: Creating statistics for other transactions
2026-04-06 17:40:02,542 INFO o.a.j.r.d.JsonExporter: Checking output folder
2026-04-06 17:40:02,543 INFO o.a.j.r.d.JsonExporter: Writing statistics JSON to /Users/shika/Documents/Uni/cs4218-2520-ecom-project-cs4218-2520-team08/recovery-tests/results/recovery-report/statistics.json
2026-04-06 17:40:02,555 INFO o.a.j.r.d.ReportGenerator: Exporting data using exporter:'html' of className:'org.apache.jmeter.report.dashboard.HtmlTemplateExporter'
2026-04-06 17:40:02,556 INFO o.a.j.r.d.HtmlTemplateExporter: Will generate dashboard in folder: /Users/shika/Documents/Uni/cs4218-2520-ecom-project-cs4218-2520-team08/recovery-tests/results/recovery-report
2026-04-06 17:40:02,588 INFO o.a.j.r.d.HtmlTemplateExporter: Report will be generated in: /Users/shika/Documents/Uni/cs4218-2520-ecom-project-cs4218-2520-team08/recovery-tests/results/recovery-report, creating folder structure
2026-04-06 17:40:02,589 INFO o.a.j.r.d.TemplateVisitor: Copying folder from '/private/tmp/apache-jmeter-5.6.3/bin/report-template' to '/Users/shika/Documents/Uni/cs4218-2520-ecom-project-cs4218-2520-team08/recovery-tests/results/recovery-report', got message: /Users/shika/Documents/Uni/cs4218-2520-ecom-project-cs4218-2520-team08/recovery-tests/results/recovery-report, found non empty folder with following content [/Users/shika/Documents/Uni/cs4218-2520-ecom-project-cs4218-2520-team08/recovery-tests/results/recovery-report/statistics.json], will be ignored
2026-04-06 17:40:02,723 INFO o.a.j.JMeter: Dashboard generated
